Copyright 1986-2022 Xilinx, Inc. All Rights Reserved. Copyright 2022-2024 Advanced Micro Devices, Inc. All Rights Reserved.
---------------------------------------------------------------------------------------------------------------------------------------------
| Tool Version : Vivado v.2024.2 (win64) Build 5239630 Fri Nov 08 22:35:27 MST 2024
| Date         : Mon May  5 20:01:33 2025
| Host         : C27-5CG31326RQ running 64-bit major release  (build 9200)
| Command      : report_control_sets -verbose -file top_basys3_control_sets_placed.rpt
| Design       : top_basys3
| Device       : xc7a35t
---------------------------------------------------------------------------------------------------------------------------------------------

Control Set Information

Table of Contents
-----------------
1. Summary
2. Histogram
3. Flip-Flop Distribution
4. Detailed Control Set Information

1. Summary
----------

+----------------------------------------------------------+-------+
|                          Status                          | Count |
+----------------------------------------------------------+-------+
| Total control sets                                       |     8 |
|    Minimum number of control sets                        |     8 |
|    Addition due to synthesis replication                 |     0 |
|    Addition due to physical synthesis replication        |     0 |
| Unused register locations in slices containing registers |    18 |
+----------------------------------------------------------+-------+
* Control sets can be merged at opt_design using control_set_merge or merge_equivalent_drivers
** Run report_qor_suggestions for automated merging and remapping suggestions


2. Histogram
------------

+--------------------+-------+
|       Fanout       | Count |
+--------------------+-------+
| Total control sets |     8 |
| >= 0 to < 4        |     1 |
| >= 4 to < 6        |     2 |
| >= 6 to < 8        |     0 |
| >= 8 to < 10       |     3 |
| >= 10 to < 12      |     0 |
| >= 12 to < 14      |     0 |
| >= 14 to < 16      |     0 |
| >= 16              |     2 |
+--------------------+-------+
* Control sets can be remapped at either synth_design or opt_design


3. Flip-Flop Distribution
-------------------------

+--------------+-----------------------+------------------------+-----------------+--------------+
| Clock Enable | Synchronous Set/Reset | Asynchronous Set/Reset | Total Registers | Total Slices |
+--------------+-----------------------+------------------------+-----------------+--------------+
| No           | No                    | No                     |              30 |           18 |
| No           | No                    | Yes                    |               0 |            0 |
| No           | Yes                   | No                     |              60 |           16 |
| Yes          | No                    | No                     |               0 |            0 |
| Yes          | No                    | Yes                    |               4 |            1 |
| Yes          | Yes                   | No                     |               0 |            0 |
+--------------+-----------------------+------------------------+-----------------+--------------+


4. Detailed Control Set Information
-----------------------------------

+-----------------------------+---------------+------------------------------+------------------+----------------+--------------+
|         Clock Signal        | Enable Signal |       Set/Reset Signal       | Slice Load Count | Bel Load Count | Bels / Slice |
+-----------------------------+---------------+------------------------------+------------------+----------------+--------------+
|  TdmClock_inst/w_clk_tdm    |               |                              |                2 |              2 |         1.00 |
|  stateMachineClock_inst/CLK | btnC_IBUF     | btnU_IBUF                    |                1 |              4 |         4.00 |
|  clk_IBUF_BUFG              |               |                              |                4 |              4 |         1.00 |
|  f_registerB__0             |               |                              |                4 |              8 |         2.00 |
|  f_registerA_reg[7]_i_1_n_0 |               |                              |                4 |              8 |         2.00 |
|  w_bin_reg[7]_i_2_n_0       |               |                              |                4 |              8 |         2.00 |
|  clk_IBUF_BUFG              |               | stateMachineClock_inst/f_clk |                8 |             30 |         3.75 |
|  clk_IBUF_BUFG              |               | TdmClock_inst/f_clk          |                8 |             30 |         3.75 |
+-----------------------------+---------------+------------------------------+------------------+----------------+--------------+


